
> lyrical_app_frontend@0.0.0 build
> tsc -b && vite build

src/components/workspace/left-sidebar.tsx(29,3): error TS6133: 'mode' is declared but its value is never read.
src/components/workspace/left-sidebar.tsx(33,3): error TS6133: 'onOpenWithMode' is declared but its value is never read.
src/components/workspace/workspace-main-panels.tsx(70,5): error TS6133: 'rightPanelEyebrow' is declared but its value is never read.
src/components/workspace/workspace-main-panels.tsx(71,5): error TS6133: 'rightPanelTitle' is declared but its value is never read.
src/components/workspace/workspace-main-panels.tsx(72,5): error TS6133: 'rightPanelDescription' is declared but its value is never read.
src/pages/text-preview-page.tsx(18,10): error TS6133: 'translateLyrics' is declared but its value is never read.
